// Jest Snapshot v1, https://goo.gl/fbAQLP

exports[`renders homepage unchanged 1`] = `
<div>
  <div
    class="container"
  >
    <main>
      <div
        class="clock"
      >
        <table
          class="generalTable"
          id="clock-table"
        >
          <tbody>
            <tr>
              <td
                class="activeCell"
              >
                I
              </td>
              <td
                class="activeCell"
              >
                T
              </td>
              <td
                class="generalCell"
              >
                L
              </td>
              <td
                class="activeCell"
              >
                I
              </td>
              <td
                class="activeCell"
              >
                S
              </td>
              <td
                class="generalCell"
              >
                A
              </td>
              <td
                class="generalCell"
              >
                S
              </td>
              <td
                class="generalCell"
              >
                T
              </td>
              <td
                class="generalCell"
              >
                I
              </td>
              <td
                class="generalCell"
              >
                M
              </td>
              <td
                class="generalCell"
              >
                E
              </td>
            </tr>
            <tr>
              <td
                class="generalCell"
              >
                A
              </td>
              <td
                class="generalCell"
              >
                C
              </td>
              <td
                class="generalCell"
              >
                Q
              </td>
              <td
                class="generalCell"
              >
                U
              </td>
              <td
                class="generalCell"
              >
                A
              </td>
              <td
                class="generalCell"
              >
                R
              </td>
              <td
                class="generalCell"
              >
                T
              </td>
              <td
                class="generalCell"
              >
                E
              </td>
              <td
                class="generalCell"
              >
                R
              </td>
              <td
                class="generalCell"
              >
                D
              </td>
              <td
                class="generalCell"
              >
                C
              </td>
            </tr>
            <tr>
              <td
                class="activeCell"
              >
                T
              </td>
              <td
                class="activeCell"
              >
                W
              </td>
              <td
                class="activeCell"
              >
                E
              </td>
              <td
                class="activeCell"
              >
                N
              </td>
              <td
                class="activeCell"
              >
                T
              </td>
              <td
                class="activeCell"
              >
                Y
              </td>
              <td
                class="generalCell"
              >
                F
              </td>
              <td
                class="generalCell"
              >
                I
              </td>
              <td
                class="generalCell"
              >
                V
              </td>
              <td
                class="generalCell"
              >
                E
              </td>
              <td
                class="generalCell"
              >
                X
              </td>
            </tr>
            <tr>
              <td
                class="generalCell"
              >
                H
              </td>
              <td
                class="generalCell"
              >
                A
              </td>
              <td
                class="generalCell"
              >
                L
              </td>
              <td
                class="generalCell"
              >
                F
              </td>
              <td
                class="generalCell"
              >
                B
              </td>
              <td
                class="generalCell"
              >
                T
              </td>
              <td
                class="generalCell"
              >
                E
              </td>
              <td
                class="generalCell"
              >
                N
              </td>
              <td
                class="generalCell"
              >
                F
              </td>
              <td
                class="generalCell"
              >
                T
              </td>
              <td
                class="generalCell"
              >
                O
              </td>
            </tr>
            <tr>
              <td
                class="activeCell"
              >
                P
              </td>
              <td
                class="activeCell"
              >
                A
              </td>
              <td
                class="activeCell"
              >
                S
              </td>
              <td
                class="activeCell"
              >
                T
              </td>
              <td
                class="generalCell"
              >
                E
              </td>
              <td
                class="generalCell"
              >
                R
              </td>
              <td
                class="generalCell"
              >
                U
              </td>
              <td
                class="generalCell"
              >
                N
              </td>
              <td
                class="generalCell"
              >
                I
              </td>
              <td
                class="generalCell"
              >
                N
              </td>
              <td
                class="generalCell"
              >
                E
              </td>
            </tr>
            <tr>
              <td
                class="generalCell"
              >
                O
              </td>
              <td
                class="generalCell"
              >
                N
              </td>
              <td
                class="generalCell"
              >
                E
              </td>
              <td
                class="generalCell"
              >
                S
              </td>
              <td
                class="generalCell"
              >
                I
              </td>
              <td
                class="generalCell"
              >
                X
              </td>
              <td
                class="generalCell"
              >
                T
              </td>
              <td
                class="generalCell"
              >
                H
              </td>
              <td
                class="generalCell"
              >
                R
              </td>
              <td
                class="generalCell"
              >
                E
              </td>
              <td
                class="generalCell"
              >
                E
              </td>
            </tr>
            <tr>
              <td
                class="generalCell"
              >
                F
              </td>
              <td
                class="generalCell"
              >
                O
              </td>
              <td
                class="generalCell"
              >
                U
              </td>
              <td
                class="generalCell"
              >
                R
              </td>
              <td
                class="generalCell"
              >
                F
              </td>
              <td
                class="generalCell"
              >
                I
              </td>
              <td
                class="generalCell"
              >
                V
              </td>
              <td
                class="generalCell"
              >
                E
              </td>
              <td
                class="generalCell"
              >
                T
              </td>
              <td
                class="generalCell"
              >
                W
              </td>
              <td
                class="generalCell"
              >
                O
              </td>
            </tr>
            <tr>
              <td
                class="generalCell"
              >
                E
              </td>
              <td
                class="generalCell"
              >
                I
              </td>
              <td
                class="generalCell"
              >
                G
              </td>
              <td
                class="generalCell"
              >
                H
              </td>
              <td
                class="generalCell"
              >
                T
              </td>
              <td
                class="generalCell"
              >
                E
              </td>
              <td
                class="generalCell"
              >
                L
              </td>
              <td
                class="generalCell"
              >
                E
              </td>
              <td
                class="generalCell"
              >
                V
              </td>
              <td
                class="generalCell"
              >
                E
              </td>
              <td
                class="generalCell"
              >
                N
              </td>
            </tr>
            <tr>
              <td
                class="activeCell"
              >
                S
              </td>
              <td
                class="activeCell"
              >
                E
              </td>
              <td
                class="activeCell"
              >
                V
              </td>
              <td
                class="activeCell"
              >
                E
              </td>
              <td
                class="activeCell"
              >
                N
              </td>
              <td
                class="generalCell"
              >
                T
              </td>
              <td
                class="generalCell"
              >
                W
              </td>
              <td
                class="generalCell"
              >
                E
              </td>
              <td
                class="generalCell"
              >
                L
              </td>
              <td
                class="generalCell"
              >
                V
              </td>
              <td
                class="generalCell"
              >
                E
              </td>
            </tr>
            <tr>
              <td
                class="generalCell"
              >
                T
              </td>
              <td
                class="generalCell"
              >
                E
              </td>
              <td
                class="generalCell"
              >
                N
              </td>
              <td
                class="generalCell"
              >
                S
              </td>
              <td
                class="generalCell"
              >
                E
              </td>
              <td
                class="generalCell"
              >
                O
              </td>
              <td
                class="generalCell"
              >
                C
              </td>
              <td
                class="generalCell"
              >
                L
              </td>
              <td
                class="generalCell"
              >
                O
              </td>
              <td
                class="generalCell"
              >
                C
              </td>
              <td
                class="generalCell"
              >
                K
              </td>
            </tr>
          </tbody>
        </table>
      </div>
    </main>
    <footer
      class="footer"
    >
      <a
        href="https://jeromevonk.github.io/"
        target="blank"
      >
        By Jerome Vonk
      </a>
    </footer>
  </div>
</div>
`;
