// Jest Snapshot v1, https://goo.gl/fbAQLP

exports[`renders homepage unchanged 1`] = `
<div>
  <div
    class="container"
  >
    <header>
      <div
        class="selector"
      >
        <input
          checked=""
          id="English"
          name="language"
          type="radio"
          value="EN"
        />
        <label
          for="English"
        >
          English
        </label>
        <input
          id="French"
          name="language"
          type="radio"
          value="FR"
        />
        <label
          for="French"
        >
          Français
        </label>
        <input
          id="Spanish"
          name="language"
          type="radio"
          value="ES"
        />
        <label
          for="Spanish"
        >
          Español
        </label>
        <input
          id="Portuguese"
          name="language"
          type="radio"
          value="PT"
        />
        <label
          for="Portuguese"
        >
          Português
        </label>
      </div>
    </header>
    <main>
      <div
        class="stackRow"
      >
        <button
          class="buttonMode"
        >
          M
        </button>
      </div>
    </main>
    <footer
      class="footer"
    >
      <a
        href="https://jeromevonk.github.io/"
        target="blank"
      >
        By Jerome Vonk
      </a>
    </footer>
  </div>
</div>
`;
